// Jest Snapshot v1, https://goo.gl/fbAQLP

exports[`combined text 1`] = `
Array [
  Object {
    "math": false,
    "type": "text",
    "value": "
    Text with an inline formula ",
  },
  Object {
    "math": true,
    "type": "inline",
    "value": "x ^ 2 + 5",
  },
  Object {
    "math": false,
    "type": "text",
    "value": " and a displayed equation:

    ",
  },
  Object {
    "math": true,
    "type": "display",
    "value": "\\\\sum_{i=1}^n(x_i^2 - \\\\overline{x}^2)",
  },
  Object {
    "math": false,
    "type": "text",
    "value": "

    The inline formula is represented as $expression$ and the displayed equation as $$expression$$.
    The $ symbol can be escaped like this: \\\\$
  ",
  },
]
`;
