// Jest Snapshot v1, https://goo.gl/fbAQLP

exports[`combined text 1`] = `
Array [
  Object {
    "math": false,
    "type": "text",
    "value": "
    You can write text, that contains expressions like this: ",
  },
  Object {
    "math": true,
    "type": "inline",
    "value": "x ^ 2 + 5",
  },
  Object {
    "math": false,
    "type": "text",
    "value": " inside them. As you probably know.
    You also can write expressions in display mode as follows: ",
  },
  Object {
    "math": true,
    "type": "display",
    "value": "\\\\sum_{i=1}^n(x_i^2 - \\\\overline{x}^2)",
  },
  Object {
    "math": false,
    "type": "text",
    "value": ".
    In first case you will need to use $expression$ and in the second one $$expression$$.
    To scape the $ symbol it's mandatory to write as follows: \\\\$
  ",
  },
]
`;
